# llm-cite-digest.baseline -- what every line-cited range in llm/ SAID when
# it was last verified.  Regenerate with:
#     python3 scripts/llm-guard.py --record-digests
#
# A digest proves a range still SAYS what it said -- never that it said what the
# doc CLAIMS.  Recording a WRONG citation makes this file defend the error,
# permanently and silently.  --record-digests is NOT a fix for a red run: open the
# cited file at the cited lines first.
#
# REVIEW the git diff: the trailing excerpt is the first cited line, so a
# citation that has silently drifted onto other code shows up as a changed
# excerpt rather than as an opaque hash.  Fields: doc <TAB> cited-spec <TAB>
# digest <TAB> excerpt.  Keyed WITHOUT the doc's own line number, so
# re-flowing a paragraph does not re-key the file.
llm/qbm-http.llm.api.md	body.h:253-253	cc499af9d486	static std::unique_ptr<qb::compression::compress_provider> get_compre...
llm/qbm-http.llm.api.md	body.h:272-272	ee0ec258f912	std::size_t compress(std::string const &encoding);
llm/qbm-http.llm.api.md	body.h:289-289	c60e797b9e48	static std::unique_ptr<qb::compression::decompress_provider> get_deco...
llm/qbm-http.llm.api.md	body.h:311-311	34b3eec579d1	std::size_t uncompress(const std::string &encoding);
llm/qbm-http.llm.api.md	body.h:387-387	bcf110ac1c69	static_assert(dependent_false<T>::value, "Body::as<T>() is not implem...
llm/qbm-http.llm.api.md	body.h:404-404	11e30b5c8399	try_as() const noexcept {
llm/qbm-http.llm.api.md	body.h:460-473	504f0d4dfa48	template <>
llm/qbm-http.llm.api.md	body.h:57-57	7f9976a908fe	class Body {
llm/qbm-http.llm.api.md	chunk.h:106-106	8b2020e847e8	pipe<char> &pipe<char>::put<qb::http::Chunk>(const qb::http::Chunk &c);
llm/qbm-http.llm.api.md	chunk.h:32-32	50cb5b8d9d2c	class Chunk {
llm/qbm-http.llm.api.md	compression.h:162-162	e1fb666ef806	class CompressionMiddleware final : public IMiddleware<SessionType> {
llm/qbm-http.llm.api.md	compression.h:40-40	d3a697e2ad5b	class CompressionOptions {
llm/qbm-http.llm.api.md	compression.h:536-536	0c5e06cc94a3	compression_middleware(CompressionOptions options = CompressionOption...
llm/qbm-http.llm.api.md	conditional.h:147-147	36cc9178c5f7	conditional_middleware(typename ConditionalMiddleware<SessionType>::P...
llm/qbm-http.llm.api.md	conditional.h:42-42	c19422f76c02	class ConditionalMiddleware final : public IMiddleware<SessionType> {
llm/qbm-http.llm.api.md	context.h:1106-1106	6154b20691c3	complete(AsyncTaskResult result = AsyncTaskResult::COMPLETE) {
llm/qbm-http.llm.api.md	context.h:1189-1189	74aae78c693a	cancel(const std::string &reason = "Cancelled by application") noexce...
llm/qbm-http.llm.api.md	context.h:1218-1218	26d4e2a87ebb	is_cancelled() const noexcept {
llm/qbm-http.llm.api.md	context.h:1251-1251	deaf345cb492	suppress_response() noexcept {
llm/qbm-http.llm.api.md	context.h:439-439	2dcb7c7500f1	request() noexcept {
llm/qbm-http.llm.api.md	context.h:626-626	ffba101443fd	add_lifecycle_hook(LifecycleHook hook_fn) {
llm/qbm-http.llm.api.md	context.h:659-659	f5161d5431e3	set(const std::string &key, T value) {
llm/qbm-http.llm.api.md	context.h:673-673	2d1782b02852	get(const std::string &key) const {
llm/qbm-http.llm.api.md	context.h:695-695	9d7fe82af049	get_if(const std::string &key) noexcept {
llm/qbm-http.llm.api.md	context.h:713-713	cecfdf313bd2	get_if(const std::string &key) const noexcept {
llm/qbm-http.llm.api.md	context.h:727-727	bd8a29cb8c69	has(const std::string &key) const noexcept {
llm/qbm-http.llm.api.md	context.h:747-747	01618fd7b393	remove(const std::string &key) noexcept {
llm/qbm-http.llm.api.md	context.h:782-782	c5dcd56683b7	set(const Slot<T> &slot, T value) {
llm/qbm-http.llm.api.md	context.h:930-930	33a3d55f8489	json(qb::json json_data, qb::http::status status_code = qb::http::sta...
llm/qbm-http.llm.api.md	controller.h:135-135	23fb4595e77b	set_base_path_segment(std::string path_segment) noexcept {
llm/qbm-http.llm.api.md	controller.h:168-168	02be97746240	virtual void initialize_routes() = 0;
llm/qbm-http.llm.api.md	controller.h:218-218	6fc21ea46c61	use(H &&handler, std::string name = "UnnamedCoroMiddleware") {
llm/qbm-http.llm.api.md	controller.h:327-327	1a057117b00d	use(H &&mw_fn, std::string name = "UnnamedFunctionalMiddleware") {
llm/qbm-http.llm.api.md	controller.h:342-342	aff1e8c40f25	use(std::shared_ptr<IMiddleware<Session>> mw_ptr, std::string name_ov...
llm/qbm-http.llm.api.md	controller.h:370-370	84dd74e5240e	use(Args &&...args) {
llm/qbm-http.llm.api.md	cookie.h:300-300	3b7054cd88b3	class CookieJar {
llm/qbm-http.llm.api.md	cookie.h:33-33	60daaf433b3c	constexpr uint32_t COOKIE_NAME_MAX = 1024; // 1 KB
llm/qbm-http.llm.api.md	cookie.h:438-438	807a78c218b8	[[nodiscard]] qb::icase_unordered_map<std::string> parse_cookies(cons...
llm/qbm-http.llm.api.md	cookie.h:50-50	b9b42d7476aa	enum class SameSite {
llm/qbm-http.llm.api.md	cookie.h:64-64	6b914296a539	class Cookie {
llm/qbm-http.llm.api.md	coro_task.h:101-101	965c85dcf8dc	concept RouteHandlerLike = SyncRouteHandler<F, SessionType> || CoroRo...
llm/qbm-http.llm.api.md	coro_task.h:109-109	aa0988233a2d	concept SyncMiddleware = requires(F f, std::shared_ptr<Context<Sessio...
llm/qbm-http.llm.api.md	coro_task.h:69-69	f5012c80287a	concept CoroRouteHandler = requires(F f, std::shared_ptr<Context<Sess...
llm/qbm-http.llm.api.md	coro_task.h:82-82	b73dc1407d5f	concept CoroMiddlewareHandler = requires(F f, std::shared_ptr<Context...
llm/qbm-http.llm.api.md	coro_task.h:92-92	6846bdc03b54	concept SyncRouteHandler = requires(F f, std::shared_ptr<Context<Sess...
llm/qbm-http.llm.api.md	cors.h:319-319	da6ab2c062dd	class CorsMiddleware final : public IMiddleware<SessionType> {
llm/qbm-http.llm.api.md	cors.h:522-522	2f2828472693	cors_middleware(const CorsOptions &options = CorsOptions::permissive(...
llm/qbm-http.llm.api.md	cors.h:94-94	4d5beb821149	class CorsOptions {
llm/qbm-http.llm.api.md	date.h:114-114	94de38404990	[[nodiscard]] std::string now() noexcept;
llm/qbm-http.llm.api.md	date.h:50-50	4d6feeddc5f9	[[nodiscard]] std::string format_http_date(std::chrono::system_clock:...
llm/qbm-http.llm.api.md	date.h:75-75	9ae98a559596	[[nodiscard]] std::optional<std::chrono::system_clock::time_point> pa...
llm/qbm-http.llm.api.md	dual_stack.h:263-264	c6f89027d684	bool
llm/qbm-http.llm.api.md	dual_stack.h:341-341	69165bbcadd4	make_dual_stack_server() {
llm/qbm-http.llm.api.md	dual_stack.h:47-47	427aa9dbb515	class dual_stack_server {
llm/qbm-http.llm.api.md	error_handling.h:217-217	0a3271ece0ca	error_handling_middleware(const std::string &name = "ErrorHandlingMid...
llm/qbm-http.llm.api.md	error_handling.h:54-54	f806429ff780	class ErrorHandlingMiddleware final : public IMiddleware<SessionType> {
llm/qbm-http.llm.api.md	form.h:30-30	a1420e4d331e	class Form {
llm/qbm-http.llm.api.md	handler_node.h:205-205	532ed46e8357	add_middleware(std::shared_ptr<IAsyncTask<Session>> middleware_task) {
llm/qbm-http.llm.api.md	handler_node.h:84-84	361beee85d2c	join_paths(const std::string &parent, const std::string &segment) {
llm/qbm-http.llm.api.md	headers.h:150-150	c2d70d82b78e	class Headers {
llm/qbm-http.llm.api.md	headers.h:166-166	34482854bfbc	class ContentType {
llm/qbm-http.llm.api.md	headers.h:37-37	7587644456e1	constexpr uint32_t ATTRIBUTE_NAME_MAX = 1024; // 1 Kilobyte
llm/qbm-http.llm.api.md	headers.h:52-52	2e429ff5b2d6	using headers_map = qb::icase_unordered_map<std::vector<std::string>>;
llm/qbm-http.llm.api.md	headers.h:67-67	4cc0ef18e2b1	[[nodiscard]] qb::icase_unordered_map<std::string> parse_header_attri...
llm/qbm-http.llm.api.md	headers.h:97-97	f170c1837f39	[[nodiscard]] std::string accept_encoding();
llm/qbm-http.llm.api.md	http2.h:500-500	781e01bb02bf	listen(qb::io::uri uri, std::filesystem::path cert_file, std::filesys...
llm/qbm-http.llm.api.md	http2.h:516-526	af88dc7f851b	template <typename Derived>
llm/qbm-http.llm.api.md	http2.h:540-540	2cced357f1b7	class DefaultSession : public qb::http2::use<DefaultSession>::session...
llm/qbm-http.llm.api.md	http2.h:564-564	b89da7e9262d	class Server : public qb::http2::internal::server<Server<SessionType>...
llm/qbm-http.llm.api.md	http2.h:604-604	9c663ba400dd	make_server() {
llm/qbm-http.llm.api.md	http2.h:71-75	41df86e2f7ad	template <typename IO_Handler>
llm/qbm-http.llm.api.md	http3.h:221-221	7a0febb9c291	operator<<(qb::http::Response &response) {
llm/qbm-http.llm.api.md	http3.h:440-440	7bebae693231	router() noexcept {
llm/qbm-http.llm.api.md	http3.h:453-453	e431f45a4021	set_max_body_size(std::size_t value) noexcept {
llm/qbm-http.llm.api.md	http3.h:472-472	585f2c11e6ed	listen(qb::io::uri const &uri, std::filesystem::path const &cert_file...
llm/qbm-http.llm.api.md	http3.h:496-496	6f0b77b9efd5	graceful_shutdown() {
llm/qbm-http.llm.api.md	http3.h:699-699	35afa5a9f39f	struct use {
llm/qbm-http.llm.api.md	http3.h:715-715	0dbbd222011a	class DefaultSession : public qb::http3::use<DefaultSession>::session...
llm/qbm-http.llm.api.md	http3.h:728-728	76ad77a3599b	class Server : public qb::http3::internal::server<Server<SessionType>...
llm/qbm-http.llm.api.md	http3.h:741-741	9c663ba400dd	make_server() {
llm/qbm-http.llm.api.md	jwt.h:39-39	7da601718f3d	enum class JwtTokenLocation {
llm/qbm-http.llm.api.md	jwt.h:48-48	d7bf051de364	struct JwtOptions {
llm/qbm-http.llm.api.md	jwt.h:531-531	a7b61a7b58c5	jwt_middleware(const std::string &secret, const std::string &algorith...
llm/qbm-http.llm.api.md	jwt.h:67-67	0612d8a3173b	enum class JwtError {
llm/qbm-http.llm.api.md	jwt.h:79-79	e77bfeaeb6c4	struct JwtErrorInfo {
llm/qbm-http.llm.api.md	jwt.h:90-90	7bccd936c589	class JwtMiddleware final : public IMiddleware<SessionType> {
llm/qbm-http.llm.api.md	logging.h:213-213	2ed6bbecf69a	logging_middleware(typename LoggingMiddleware<SessionType>::LogFuncti...
llm/qbm-http.llm.api.md	logging.h:52-52	77af1e5a45be	class LoggingMiddleware final : public IMiddleware<SessionType> {
llm/qbm-http.llm.api.md	message_base.h:37-37	236b70d493e9	struct MessageBase
llm/qbm-http.llm.api.md	middleware.h:183-183	39b0b601e6f2	class FunctionalMiddleware : public IMiddleware<SessionType> {
llm/qbm-http.llm.api.md	middleware.h:75-75	9d3f7e3cfdb1	class MiddlewareTask final : public IAsyncTask<SessionType> {
llm/qbm-http.llm.api.md	middleware/auth.h:44-44	96bf24b031fa	class AuthMiddleware final : public IMiddleware<SessionType> {
llm/qbm-http.llm.api.md	middleware/validation.h:45-45	50f27b28f1b4	class ValidationMiddleware final : public IMiddleware<SessionType> {
llm/qbm-http.llm.api.md	multipart.h:462-462	4e9f14cdb5ca	[[nodiscard]] std::string::const_iterator find_boundary(std::string c...
llm/qbm-http.llm.api.md	multipart.h:499-499	67d88f1e0a35	class Multipart {
llm/qbm-http.llm.api.md	multipart.h:50-50	97a9c20b72e5	namespace multipart_limits {
llm/qbm-http.llm.api.md	multipart.h:629-629	e6956c938cb9	pipe<char> &pipe<char>::put<qb::http::Multipart>(const qb::http::Mult...
llm/qbm-http.llm.api.md	multipart.h:74-74	c55a2a090543	class MultipartParser {
llm/qbm-http.llm.api.md	options.h:126-126	70641246d29a	public_key(std::string key) {
llm/qbm-http.llm.api.md	options.h:138-138	6fb5f1008cc8	private_key(std::string key) {
llm/qbm-http.llm.api.md	options.h:150-150	0ef70b96bb17	algorithm(Algorithm alg) noexcept {
llm/qbm-http.llm.api.md	options.h:161-161	45b868c38a2a	token_expiration(std::chrono::seconds seconds) noexcept {
llm/qbm-http.llm.api.md	options.h:173-173	f9513a39445c	token_issuer(std::string issuer) {
llm/qbm-http.llm.api.md	options.h:187-187	9d2d04f356f5	token_audience(std::string audience) {
llm/qbm-http.llm.api.md	options.h:200-200	76f6e4aced8b	auth_header_name(std::string name) {
llm/qbm-http.llm.api.md	options.h:212-212	6314a911d805	auth_scheme(std::string scheme) {
llm/qbm-http.llm.api.md	options.h:224-224	595e9f906c8a	require_signature_verification(bool verify) noexcept {
llm/qbm-http.llm.api.md	options.h:235-235	31c3278d810e	verify_expiration(bool verify) noexcept {
llm/qbm-http.llm.api.md	options.h:246-246	1b27af028031	verify_not_before(bool verify) noexcept {
llm/qbm-http.llm.api.md	options.h:258-258	932619f73f3f	clock_skew_tolerance(std::chrono::seconds tolerance) noexcept {
llm/qbm-http.llm.api.md	options.h:267-267	3d8a962e7727	get_secret_key() const noexcept {
llm/qbm-http.llm.api.md	options.h:358-358	2d39edb3088f	[[nodiscard]] static std::optional<Algorithm> algorithm_from_string(s...
llm/qbm-http.llm.api.md	options.h:41-41	8d4484d96af6	enum class Algorithm {
llm/qbm-http.llm.api.md	options.h:93-93	710655727ebb	secret_key(const std::string &secret) {
llm/qbm-http.llm.api.md	origin.h:32-32	59a9a4c0618e	[[nodiscard]] bool scheme_eq(std::string_view lhs, std::string_view r...
llm/qbm-http.llm.api.md	parameter_validator.h:115-115	85c8074984bc	class ParameterValidator {
llm/qbm-http.llm.api.md	parameter_validator.h:35-35	bdccc56f9657	struct ParameterRuleSet {
llm/qbm-http.llm.api.md	rate_limit.h:142-142	cc4621c8922c	client_id_extractor(std::function<std::string(const Context<SessionTy...
llm/qbm-http.llm.api.md	rate_limit.h:167-167	d1f5abc327d8	trust_forwarded_headers(bool enabled = true) noexcept {
llm/qbm-http.llm.api.md	rate_limit.h:348-348	40568f99af7c	class RateLimitMiddleware final : public IMiddleware<SessionType> {
llm/qbm-http.llm.api.md	rate_limit.h:48-48	3d2cee061261	constexpr std::size_t MAX_CLIENT_ID_LENGTH = 256;
llm/qbm-http.llm.api.md	rate_limit.h:51-51	520d53f74374	constexpr qb::duration STALE_ENTRY_CLEANUP_INTERVAL = std::chrono::mi...
llm/qbm-http.llm.api.md	rate_limit.h:618-618	b66b167ac004	rate_limit_middleware(RateLimitOptions   options = RateLimitOptions()...
llm/qbm-http.llm.api.md	rate_limit.h:67-67	0e69a2307846	class RateLimitOptions {
llm/qbm-http.llm.api.md	recaptcha.h:264-264	d187f14a6ec6	class RecaptchaMiddleware final : public IMiddleware<SessionType> {
llm/qbm-http.llm.api.md	recaptcha.h:58-58	db6aa47d8759	class RecaptchaOptions {
llm/qbm-http.llm.api.md	recaptcha.h:584-584	777e20bee6bc	recaptcha_middleware(RecaptchaOptions   options, // Pass by value for...
llm/qbm-http.llm.api.md	request.h:101-101	6451167dda92	method() noexcept {
llm/qbm-http.llm.api.md	request.h:36-36	be7b2909be72	class Request : public internal::MessageBase {
llm/qbm-http.llm.api.md	request.h:384-384	b3f04e38bce8	pipe<char> &pipe<char>::put<qb::http::Request>(const qb::http::Reques...
llm/qbm-http.llm.api.md	request.h:83-83	613e7625a2fd	explicit Request(qb::io::uri u, qb::icase_unordered_map<std::vector<s...
llm/qbm-http.llm.api.md	request.h:85-85	5ff6ee93407d	, _method(Method::GET)
llm/qbm-http.llm.api.md	request.h:97-97	cfe7f2bcfdc6	method() const noexcept {
llm/qbm-http.llm.api.md	response.h:36-36	3bbce570ed80	class Response : public internal::MessageBase {
llm/qbm-http.llm.api.md	response.h:56-56	b06544b06939	Response() noexcept
llm/qbm-http.llm.api.md	response.h:75-75	2705db5fe133	status() const noexcept {
llm/qbm-http.llm.api.md	response.h:79-79	82246683f1d1	status() noexcept {
llm/qbm-http.llm.api.md	route.h:139-139	b610b99d7dbc	class CustomRouteAdapterTask final : public IAsyncTask<SessionType> {
llm/qbm-http.llm.api.md	route.h:51-51	ebbc59b09b09	class RouteLambdaTask final : public IAsyncTask<SessionType> {
llm/qbm-http.llm.api.md	route_group.h:148-148	6fc21ea46c61	use(H &&handler, std::string name = "UnnamedCoroMiddleware") {
llm/qbm-http.llm.api.md	route_group.h:251-251	1a057117b00d	use(H &&mw_fn, std::string name = "UnnamedFunctionalMiddleware") {
llm/qbm-http.llm.api.md	route_group.h:267-267	aff1e8c40f25	use(std::shared_ptr<IMiddleware<Session>> mw_ptr, std::string name_ov...
llm/qbm-http.llm.api.md	route_group.h:297-297	84dd74e5240e	use(Args &&...args) {
llm/qbm-http.llm.api.md	route_group.h:308-308	6fe986461664	add_child(std::shared_ptr<IHandlerNode<Session>> child_node) {
llm/qbm-http.llm.api.md	router.h:154-154	6fc21ea46c61	use(H &&handler, std::string name = "UnnamedCoroMiddleware") {
llm/qbm-http.llm.api.md	router.h:170-170	370c560cc185	Router<SessionType> &add_custom_route(std::string path, qb::http::met...
llm/qbm-http.llm.api.md	router.h:208-208	95b07d36de98	[[nodiscard]] std::shared_ptr<RouteGroup<SessionType>> group(std::str...
llm/qbm-http.llm.api.md	router.h:220-220	69346c7244bf	[[nodiscard]] std::shared_ptr<C> controller(std::string path_prefix, ...
llm/qbm-http.llm.api.md	router.h:234-234	d645f1864a94	use(H &&mw_fn, std::string name = "UnnamedGlobalFunctionalMiddleware") {
llm/qbm-http.llm.api.md	router.h:248-248	f2099fe2c5f2	Router<SessionType> &use(std::shared_ptr<IMiddleware<SessionType>> mw...
llm/qbm-http.llm.api.md	router.h:259-259	99e56c7a22cc	Router<SessionType> &use(Args &&...args);
llm/qbm-http.llm.api.md	router.h:265-265	39046574e203	void set_not_found_handler(RouteHandlerFn<SessionType> handler_fn);
llm/qbm-http.llm.api.md	router.h:272-272	faf7ef6b9622	void set_error_task_chain(std::vector<std::shared_ptr<IAsyncTask<Sess...
llm/qbm-http.llm.api.md	router.h:282-282	9665d11774c4	Router<SessionType> &add_lifecycle_hook(typename Context<SessionType>...
llm/qbm-http.llm.api.md	router.h:290-290	7be27ddf8896	void compile();
llm/qbm-http.llm.api.md	router.h:302-302	0c13c00cfd67	std::shared_ptr<Context<SessionType>> route(std::shared_ptr<SessionTy...
llm/qbm-http.llm.api.md	router.h:310-310	7f2b494df937	[[nodiscard]] std::weak_ptr<RouterCore<SessionType>> get_router_core_...
llm/qbm-http.llm.api.md	router.h:317-317	52442a3a9f26	void clear(); // not noexcept: re-creates the root group / default ha...
llm/qbm-http.llm.api.md	router.h:79-79	a04788750ee0	Router<SessionType> &add_route(std::string path, qb::http::method met...
llm/qbm-http.llm.api.md	router.h:89-89	32972f0fda19	Router<SessionType> &get(std::string path, std::shared_ptr<ICustomRou...
llm/qbm-http.llm.api.md	rule.h:31-31	e505b8414d1a	enum class DataType { STRING, INTEGER, NUMBER, BOOLEAN, OBJECT, ARRAY...
llm/qbm-http.llm.api.md	rule.h:358-358	60161851c122	using ItemsRuleLogic = std::variant<std::shared_ptr<SchemaValidator>,...
llm/qbm-http.llm.api.md	rule.h:38-38	c512f9a64f8d	class IRule {
llm/qbm-http.llm.api.md	rule.h:388-388	f64ef9278f21	using CustomValidateFn = std::function<bool(const qb::json &value, co...
llm/qbm-http.llm.api.md	sanitizer.h:26-26	0ca12bf6821d	using SanitizerFunction = std::function<std::string(const std::string...
llm/qbm-http.llm.api.md	sanitizer.h:35-35	20ba9598355c	class Sanitizer {
llm/qbm-http.llm.api.md	sanitizer.h:68-68	2a870ccae1b3	namespace PredefinedSanitizers {
llm/qbm-http.llm.api.md	security_headers.h:283-283	28e523aa0686	class SecurityHeadersMiddleware final : public IMiddleware<SessionTyp...
llm/qbm-http.llm.api.md	security_headers.h:408-408	22b70b4e395c	security_headers_middleware(const SecurityHeadersOptions &options = S...
llm/qbm-http.llm.api.md	security_headers.h:53-53	1c8e83f82a6e	class SecurityHeadersOptions {
llm/qbm-http.llm.api.md	src/qbm/http/2/client.h:155-155	b5d9130b44cc	class Client
llm/qbm-http.llm.api.md	src/qbm/http/2/protocol/server.h:52-52	ae8950d5071e	is_hop_by_hop(const std::string &header_name) {
llm/qbm-http.llm.api.md	src/qbm/http/2/protocol/server.h:77-77	f77072de4b7f	class ServerHttp2Protocol : public Http2Protocol<IO_Handler, ServerHt...
llm/qbm-http.llm.api.md	src/qbm/http/3/client.h:108-108	b5d9130b44cc	class Client
llm/qbm-http.llm.api.md	src/qbm/http/auth/manager.h:36-36	17e417635082	class Manager {
llm/qbm-http.llm.api.md	src/qbm/http/auth/options.h:36-36	4433c05e97bb	class Options {
llm/qbm-http.llm.api.md	src/qbm/http/auth/user.h:33-33	8d7c426a6b33	struct User {
llm/qbm-http.llm.api.md	src/qbm/http/middleware/auth.h:383-383	1a9b898412cb	auth_middleware(const auth::Options &options = auth::Options(), const...
llm/qbm-http.llm.api.md	src/qbm/http/middleware/validation.h:141-141	df088fed4097	validation_middleware(std::shared_ptr<qb::http::validation::RequestVa...
llm/qbm-http.llm.api.md	src/qbm/http/routing/async_task.h:44-44	dd58aabf8990	class IAsyncTask {
llm/qbm-http.llm.api.md	src/qbm/http/routing/context.h:68-68	feae44a97d60	class Context : public std::enable_shared_from_this<Context<SessionTy...
llm/qbm-http.llm.api.md	src/qbm/http/routing/context.h:76-76	82cb8f04392f	enum class ProcessingPhase {
llm/qbm-http.llm.api.md	src/qbm/http/routing/controller.h:53-53	d4fc5b44e69c	class Controller : public IHandlerNode<Session> {
llm/qbm-http.llm.api.md	src/qbm/http/routing/custom_route.h:43-43	92a97e6679ac	class ICustomRoute {
llm/qbm-http.llm.api.md	src/qbm/http/routing/handler_node.h:136-136	d73510be7d0b	class IHandlerNode : public std::enable_shared_from_this<IHandlerNode...
llm/qbm-http.llm.api.md	src/qbm/http/routing/middleware.h:39-39	e310f50b5179	class IMiddleware {
llm/qbm-http.llm.api.md	src/qbm/http/routing/path_parameters.h:32-32	fdea36bcf7be	class PathParameters {
llm/qbm-http.llm.api.md	src/qbm/http/routing/route.h:239-239	f405f34feaa5	class Route : public IHandlerNode<SessionType> {
llm/qbm-http.llm.api.md	src/qbm/http/routing/route_group.h:50-50	ed616d0a03dc	class RouteGroup : public IHandlerNode<Session> {
llm/qbm-http.llm.api.md	src/qbm/http/routing/router.h:54-54	45a1c2f12876	class Router {
llm/qbm-http.llm.api.md	src/qbm/http/routing/slot.h:79-79	01ae5fee1288	struct Slot {
llm/qbm-http.llm.api.md	src/qbm/http/routing/types.h:108-108	c14ef1fc37ab	using MiddlewareHandlerFn = std::function<void(std::shared_ptr<Contex...
llm/qbm-http.llm.api.md	src/qbm/http/routing/types.h:123-123	2f5f6aa81893	concept DerivedFrom = std::is_base_of_v<Base, Derived>;
llm/qbm-http.llm.api.md	src/qbm/http/routing/types.h:38-38	f49eddea4f10	enum class HookPoint {
llm/qbm-http.llm.api.md	src/qbm/http/routing/types.h:53-53	145e7e92714c	enum class AsyncTaskResult {
llm/qbm-http.llm.api.md	src/qbm/http/routing/types.h:54-54	b5a87ac4eb82	#undef ERROR
llm/qbm-http.llm.api.md	src/qbm/http/routing/types.h:83-83	8de1c720f27c	using RouteHandlerFn = std::function<void(std::shared_ptr<Context<Ses...
llm/qbm-http.llm.api.md	src/qbm/http/validation/error.h:28-28	ab8076413e30	struct Error {
llm/qbm-http.llm.api.md	src/qbm/http/validation/error.h:59-59	eb7ef79c20cd	class Result {
llm/qbm-http.llm.api.md	src/qbm/http/validation/request_validator.h:34-34	b035530a66ac	class RequestValidator {
llm/qbm-http.llm.api.md	src/qbm/http/validation/schema_validator.h:33-33	c7376d87da39	class SchemaValidator {
llm/qbm-http.llm.api.md	src/qbm/http/ws/coro.h:486-486	4987b20f2b76	run_sync(Awaitable &&awaitable) -> decltype(qb::io::async::run_sync(s...
llm/qbm-http.llm.api.md	src/qbm/http/ws/ws.h:1717-1717	d07bdd6bc958	pipe<char> &pipe<char>::put<http::ws::Message>(const http::ws::Messag...
llm/qbm-http.llm.api.md	static_files.h:281-281	54042745d08f	class StaticFilesMiddleware final : public IMiddleware<SessionType> {
llm/qbm-http.llm.api.md	static_files.h:39-39	af53df5a0262	class StaticFilesOptions {
llm/qbm-http.llm.api.md	static_files.h:757-757	fd04c6d311a6	static_files_middleware(StaticFilesOptions options, const std::string...
llm/qbm-http.llm.api.md	timing.h:158-158	304629e28bfb	timing_middleware(typename TimingMiddleware<SessionType>::TimingCallb...
llm/qbm-http.llm.api.md	timing.h:41-41	a6ced6a34da4	class TimingMiddleware final : public IMiddleware<SessionType> {
llm/qbm-http.llm.api.md	transform.h:128-128	6f3548185b74	transform_middleware(typename TransformMiddleware<SessionType>::Reque...
llm/qbm-http.llm.api.md	transform.h:39-39	0a2fdfa9fa64	class TransformMiddleware final : public IMiddleware<SessionType> {
llm/qbm-http.llm.api.md	types.h:306-306	f4d7c130f7eb	class Status {
llm/qbm-http.llm.api.md	types.h:713-713	8b48cea2d2f3	constexpr char endl[] = "\r\n";
llm/qbm-http.llm.api.md	types.h:721-721	544be3d5f78c	constexpr char sep = ' ';
llm/qbm-http.llm.api.md	types.h:731-731	028e26dbdc36	enum DisconnectedReason : int {
llm/qbm-http.llm.api.md	types.h:748-748	6c7c92a87174	struct hash<qb::http::method> {
llm/qbm-http.llm.api.md	utility.h:258-260	a316e8ede202	template <typename String>
llm/qbm-http.llm.api.md	utility.h:34-34	8ee074414546	namespace utility {
